INFO:     Started server process [17652]
INFO:     Waiting for application startup.
ERROR:    Traceback (most recent call last):
  File "C:\Users\User\AppData\Local\Programs\Python\Python312\Lib\site-packages\starlette\routing.py", line 638, in lifespan
    async with self.lifespan_context(app) as maybe_state:
  File "C:\Users\User\AppData\Local\Programs\Python\Python312\Lib\contextlib.py", line 210, in __aenter__
    return await anext(self.gen)
           ^^^^^^^^^^^^^^^^^^^^^
  File "C:\Users\User\AppData\Local\Programs\Python\Python312\Lib\site-packages\fastapi\routing.py", line 233, in merged_lifespan
    async with original_context(app) as maybe_original_state:
  File "C:\Users\User\AppData\Local\Programs\Python\Python312\Lib\contextlib.py", line 210, in __aenter__
    return await anext(self.gen)
           ^^^^^^^^^^^^^^^^^^^^^
  File "C:\Users\User\AppData\Local\Programs\Python\Python312\Lib\site-packages\fastapi\routing.py", line 233, in merged_lifespan
    async with original_context(app) as maybe_original_state:
  File "C:\Users\User\AppData\Local\Programs\Python\Python312\Lib\contextlib.py", line 210, in __aenter__
    return await anext(self.gen)
           ^^^^^^^^^^^^^^^^^^^^^
  File "C:\Users\User\AppData\Local\Programs\Python\Python312\Lib\site-packages\fastapi\routing.py", line 233, in merged_lifespan
    async with original_context(app) as maybe_original_state:
  File "C:\Users\User\AppData\Local\Programs\Python\Python312\Lib\contextlib.py", line 210, in __aenter__
    return await anext(self.gen)
           ^^^^^^^^^^^^^^^^^^^^^
  File "C:\Users\User\AppData\Local\Programs\Python\Python312\Lib\site-packages\fastapi\routing.py", line 233, in merged_lifespan
    async with original_context(app) as maybe_original_state:
  File "C:\Users\User\AppData\Local\Programs\Python\Python312\Lib\contextlib.py", line 210, in __aenter__
    return await anext(self.gen)
           ^^^^^^^^^^^^^^^^^^^^^
  File "C:\Users\User\AppData\Local\Programs\Python\Python312\Lib\site-packages\fastapi\routing.py", line 233, in merged_lifespan
    async with original_context(app) as maybe_original_state:
  File "C:\Users\User\AppData\Local\Programs\Python\Python312\Lib\contextlib.py", line 210, in __aenter__
    return await anext(self.gen)
           ^^^^^^^^^^^^^^^^^^^^^
  File "C:\Users\User\AppData\Local\Programs\Python\Python312\Lib\site-packages\fastapi\routing.py", line 233, in merged_lifespan
    async with original_context(app) as maybe_original_state:
  File "C:\Users\User\AppData\Local\Programs\Python\Python312\Lib\contextlib.py", line 210, in __aenter__
    return await anext(self.gen)
           ^^^^^^^^^^^^^^^^^^^^^
  File "C:\Users\User\AppData\Local\Programs\Python\Python312\Lib\site-packages\fastapi\routing.py", line 233, in merged_lifespan
    async with original_context(app) as maybe_original_state:
  File "C:\Users\User\AppData\Local\Programs\Python\Python312\Lib\contextlib.py", line 210, in __aenter__
    return await anext(self.gen)
           ^^^^^^^^^^^^^^^^^^^^^
  File "C:\Users\User\Documents\mtb\mtb-parks-py\main.py", line 41, in lifespan
    init_db()
  File "C:\Users\User\Documents\mtb\mtb-parks-py\database\connection.py", line 202, in init_db
    print("\u2705 База данных инициализирована")
  File "C:\Users\User\AppData\Local\Programs\Python\Python312\Lib\encodings\cp1251.py", line 19, in encode
    return codecs.charmap_encode(input,self.errors,encoding_table)[0]
           ^^^^^^^^^^^^^^^^^^^^^^^^^^^^^^^^^^^^^^^^^^^^^^^^^^^^^^^
UnicodeEncodeError: 'charmap' codec can't encode character '\u2705' in position 0: character maps to <undefined>

ERROR:    Application startup failed. Exiting.
